

Wed Apr 30 18:45:04 2025
Command line: TestDisk

TestDisk 7.1, Data Recovery Utility, July 2019
Christophe GRENIER <grenier@cgsecurity.org>
https://www.cgsecurity.org
OS: Linux, kernel 6.1.0-33-amd64 (#1 SMP PREEMPT_DYNAMIC Debian 6.1.133-1 (2025-04-10)) x86_64
Compiler: GCC 12.2
ext2fs lib: 1.47.0, ntfs lib: libntfs-3g, reiserfs lib: none, ewf lib: none, curses lib: ncurses 6.3
/dev/sdb: LBA, HPA, LBA48, DCO support
/dev/sdb: size       3907029168 sectors
/dev/sdb: user_max   3907029168 sectors
/dev/sdb: native_max 3907029168 sectors
/dev/sdd: LBA, HPA, LBA48, DCO support
/dev/sdd: size       156301488 sectors
/dev/sdd: user_max   156301488 sectors
/dev/sdd: native_max 156301488 sectors
/dev/sdd: dco        156301488 sectors
Warning: can't get size for Disk /dev/mapper/control - 0 B - 0 sectors, sector size=512
Warning: can't get size for Disk /dev/loop0 - 0 B - 0 sectors, sector size=512
Warning: can't get size for Disk /dev/loop1 - 0 B - 0 sectors, sector size=512
Warning: can't get size for Disk /dev/loop2 - 0 B - 0 sectors, sector size=512
Warning: can't get size for Disk /dev/loop3 - 0 B - 0 sectors, sector size=512
Warning: can't get size for Disk /dev/loop4 - 0 B - 0 sectors, sector size=512
Warning: can't get size for Disk /dev/loop5 - 0 B - 0 sectors, sector size=512
Warning: can't get size for Disk /dev/loop6 - 0 B - 0 sectors, sector size=512
Warning: can't get size for Disk /dev/loop7 - 0 B - 0 sectors, sector size=512
Hard disk list
Disk /dev/sdb - 2000 GB / 1863 GiB - CHS 243201 255 63, sector size=512 - ST2000DM008-2UB102, S/N:ZFL6NT65, FW:0001
Disk /dev/sdc - 1000 GB / 931 GiB - CHS 121601 255 63, sector size=512 - ASMT 2115
Disk /dev/sdd - 80 GB / 74 GiB - CHS 9729 255 63, sector size=512 - TOSHIBA MK8051GSY, S/N:487JT0SST, FW:LD201D
Disk /dev/nvme0n1 - 4000 GB / 3726 GiB - CHS 3815447 64 32, sector size=512
Disk /dev/nvme1n1 - 2000 GB / 1863 GiB - CHS 1907729 64 32, sector size=512

Partition table type defaults to Intel
Disk /dev/sdd - 80 GB / 74 GiB - TOSHIBA MK8051GSY
Partition table type: Intel

Interface Advanced

Analyse Disk /dev/sdd - 80 GB / 74 GiB - CHS 9729 255 63
Current partition structure:

Partition sector doesn't have the endmark 0xAA55

search_part()
Disk /dev/sdd - 80 GB / 74 GiB - CHS 9729 255 63

Results

interface_write()
 
No partition found or selected for recovery

search_part()
Disk /dev/sdd - 80 GB / 74 GiB - CHS 9729 255 63
Search for partition aborted

Results

interface_write()
 
No partition found or selected for recovery
simulate write!

write_mbr_i386: starting...
Store new MBR code
write_all_log_i386: starting...
No extended partition
SIGINT detected! TestDisk has been killed.
